Configuration loaded from: C:\Users\Administrator\.codebase-mcp\settings.toml
